error: not a valid event list
 --> tests/compile_failures/events/invalid_list_values.rs:3:10
  |
3 | #[events(more(onclick, "onkeypress"))]
  |          ^^^^^^^^^^^^^^^^^^^^^^^^^^^
